[backblue.gif]
[fade.gif]
[index.html]
[browser.sentry-cdn.com/6.4.1/bundle.min.js]
[www.google-analytics.com/analytics.js]
[d13pxqgp3ixdbh.cloudfront.net/assets/landing_pages/blue_file/favicon.png]
[d13pxqgp3ixdbh.cloudfront.net/assets/landing_pages/file_type_icons/32px/mp4.png]
[d1xkyo9j4r7vnn.cloudfront.net/public/external/t1.js]
[d13nu0oomnx5ti.cloudfront.net/d07be93.js]
[cldoffers.net/public/external/t.js]
[unl0cker.com/02e4ae7.html]
[d13pxqgp3ixdbh.cloudfront.net/assets/landing_pages/blue_file/owl.carousel.css]
[d13pxqgp3ixdbh.cloudfront.net/assets/landing_pages/blue_file/slick.css]
[d13pxqgp3ixdbh.cloudfront.net/assets/landing_pages/font-awesome-4.6.3/css/font-awesome.min.css]
[d13pxqgp3ixdbh.cloudfront.net/assets/landing_pages/blue_file/bootstrap.min.css]
[d13pxqgp3ixdbh.cloudfront.net/assets/landing_pages/blue_file/animate.css]
[d13pxqgp3ixdbh.cloudfront.net/assets/landing_pages/blue_file/style.css]
[d13pxqgp3ixdbh.cloudfront.net/assets/landing_pages/blue_file/responsive.css]
[unl0cker.com/customTemplateGlobal.html]
[d13pxqgp3ixdbh.cloudfront.net/assets/landing_pages/blue_file/owl.video.play.png]
[d13pxqgp3ixdbh.cloudfront.net/assets/landing_pages/blue_file/images/title_line.svg]
[d13pxqgp3ixdbh.cloudfront.net/assets/landing_pages/blue_file/images/domain_bg.jpg]
[d13pxqgp3ixdbh.cloudfront.net/assets/landing_pages/blue_file/images/pattern_small.png]
[d13pxqgp3ixdbh.cloudfront.net/assets/landing_pages/blue_file/images/small_title_line.svg]
[d13pxqgp3ixdbh.cloudfront.net/assets/landing_pages/blue_file/images/home1_bg.jpg]
[d13pxqgp3ixdbh.cloudfront.net/assets/landing_pages/blue_file/images/title_line2.svg]
